../Core/Src/main.c:122:5:main	24	static
../Core/Src/main.c:234:6:SystemClock_Config	88	static
../Core/Src/main.c:280:13:MX_ADC1_Init	24	static
../Core/Src/main.c:341:13:MX_ADC2_Init	24	static
../Core/Src/main.c:393:13:MX_SPI1_Init	8	static
../Core/Src/main.c:431:13:MX_TIM2_Init	32	static
../Core/Src/main.c:476:13:MX_TIM3_Init	32	static
../Core/Src/main.c:521:13:MX_USART2_UART_Init	8	static
../Core/Src/main.c:554:13:MX_GPIO_Init	48	static
../Core/Src/main.c:646:6:HAL_TIM_PeriodElapsedCallback	16	static
../Core/Src/main.c:674:6:Error_Handler	4	static,ignoring_inline_asm
