../Core/Src/main.c:119:5:main	24	static
../Core/Src/main.c:227:6:SystemClock_Config	88	static
../Core/Src/main.c:273:13:MX_ADC1_Init	24	static
../Core/Src/main.c:334:13:MX_ADC2_Init	24	static
../Core/Src/main.c:386:13:MX_TIM2_Init	32	static
../Core/Src/main.c:431:13:MX_TIM3_Init	32	static
../Core/Src/main.c:476:13:MX_USART2_UART_Init	8	static
../Core/Src/main.c:509:13:MX_GPIO_Init	48	static
../Core/Src/main.c:591:6:HAL_TIM_PeriodElapsedCallback	16	static
../Core/Src/main.c:619:6:Error_Handler	4	static,ignoring_inline_asm
